<div>
  <span>
    Hello world!
  </span>
</div>
<div>
  <h3>
    Alt client
  </h3>
  <div>
    <noscript
      id="GENERATED-0"
    />
  </div>
</div>
<div
  id="GENERATED-1"
  style="display:none"
/>