<div>
  <span>
    Hello world!
  </span>
</div>
<div>
  <h3>
    Alt client
  </h3>
  <div>
    <span>
      Hello world!(Alt)
    </span>
  </div>
</div>