<div>
  <span>
    Hello world!
  </span>
</div>
<div>
  <h3>
    Alt client
  </h3>
  <div />
</div>