<div />
<div>
  <h3>
    Alt client
  </h3>
  <div />
</div>