<div>
  <noscript
    id="GENERATED-0"
  />
</div>
<div>
  <h3>
    Alt client
  </h3>
  <div>
    <noscript
      id="GENERATED-1"
    />
  </div>
</div>