<div>
  <span>
    Hello John!
  </span>
  <button>
    Toggle
  </button>
</div>
<div>
  <h3>
    Alt client
  </h3>
  <div>
    <span>
      Hello John!(Alt)
    </span>
  </div>
</div>
<div
  id="GENERATED-0"
  style="display:none"
/>
<div
  id="GENERATED-1"
  style="display:none"
/>