<h1>
  Messages
</h1>
<span />
<span>
  executing
</span>
<button>
  Add
</button>
<h1>
  Messages
</h1>
<span />
<span />
<button>
  Add(alt)
</button>