<div>
  <noscript
    id="GENERATED-0"
  />
</div>
<div
  id="GENERATED-1"
  style="display:none"
>
  <span>
    Todo John
  </span>
  <button>
    Toggle
  </button>
</div>