<div>
  <span>
    Todo John from custom resolver
  </span>
  <button>
    Toggle
  </button>
</div>
<div
  id="GENERATED-0"
  style="display:none"
/>