<div>
  <span>
    Hello world!
  </span>
</div>
<div
  id="GENERATED-0"
  style="display:none"
/>